================================================================
== Vitis HLS Report for 'matrix_mult'
================================================================
* Date:           Sat May  9 10:43:00 2026
* Version:        2023.1
* Project:        daraklab_project
* Solution:       solution1

+ Latency (cycles): 
    |  min  |  max  |
    |  405  |  405  |

+ Utilization Estimates: 
    |  Name           | BRAM_18K| DSP48E  |   FF    |   LUT   |
    +-----------------+---------+---------+---------+---------+
    |DSP              |        -|       32|        -|        -|
    |Expression       |        -|        -|        0|      142|
    |FIFO             |        -|        -|        -|        -|
    |Instance         |        -|        -|        -|        -|
    |Memory           |        2|        -|        0|        0|
    |Multiplexer      |        -|        -|        -|       45|
    |Register         |        -|        -|      256|        -|
    +-----------------+---------+---------+---------+---------+
    |Total            |        2|       32|      256|      187|
    +-----------------+---------+---------+---------+---------+
